src/components/TerminalHero.tsx(48,9): error TS17004: Cannot use JSX unless the '--jsx' flag is provided.
src/components/TerminalHero.tsx(49,13): error TS17004: Cannot use JSX unless the '--jsx' flag is provided.
src/components/TerminalHero.tsx(50,17): error TS17004: Cannot use JSX unless the '--jsx' flag is provided.
src/components/TerminalHero.tsx(56,21): error TS17004: Cannot use JSX unless the '--jsx' flag is provided.
src/components/TerminalHero.tsx(59,21): error TS17004: Cannot use JSX unless the '--jsx' flag is provided.
src/components/TerminalHero.tsx(60,47): error TS17004: Cannot use JSX unless the '--jsx' flag is provided.
src/components/TerminalHero.tsx(61,25): error TS17004: Cannot use JSX unless the '--jsx' flag is provided.
src/components/TerminalHero.tsx(63,21): error TS17004: Cannot use JSX unless the '--jsx' flag is provided.
src/components/TerminalHero.tsx(68,17): error TS17004: Cannot use JSX unless the '--jsx' flag is provided.
src/components/TerminalHero.tsx(74,21): error TS17004: Cannot use JSX unless the '--jsx' flag is provided.
src/components/TerminalHero.tsx(75,25): error TS17004: Cannot use JSX unless the '--jsx' flag is provided.
src/components/TerminalHero.tsx(76,25): error TS17004: Cannot use JSX unless the '--jsx' flag is provided.
src/components/TerminalHero.tsx(77,25): error TS17004: Cannot use JSX unless the '--jsx' flag is provided.
src/components/TerminalHero.tsx(78,25): error TS17004: Cannot use JSX unless the '--jsx' flag is provided.
src/components/TerminalHero.tsx(82,21): error TS17004: Cannot use JSX unless the '--jsx' flag is provided.
src/components/TerminalHero.tsx(83,25): error TS17004: Cannot use JSX unless the '--jsx' flag is provided.
src/components/TerminalHero.tsx(84,29): error TS17004: Cannot use JSX unless the '--jsx' flag is provided.
src/components/TerminalHero.tsx(85,29): error TS17004: Cannot use JSX unless the '--jsx' flag is provided.
src/components/TerminalHero.tsx(86,54): error TS17004: Cannot use JSX unless the '--jsx' flag is provided.
src/components/TerminalHero.tsx(89,25): error TS17004: Cannot use JSX unless the '--jsx' flag is provided.
src/components/TerminalHero.tsx(90,29): error TS17004: Cannot use JSX unless the '--jsx' flag is provided.
src/components/TerminalHero.tsx(91,29): error TS17004: Cannot use JSX unless the '--jsx' flag is provided.
src/components/TerminalHero.tsx(93,33): error TS17004: Cannot use JSX unless the '--jsx' flag is provided.
src/components/TerminalHero.tsx(95,37): error TS17004: Cannot use JSX unless the '--jsx' flag is provided.
src/components/TerminalHero.tsx(99,25): error TS17004: Cannot use JSX unless the '--jsx' flag is provided.
src/components/TerminalHero.tsx(107,13): error TS17004: Cannot use JSX unless the '--jsx' flag is provided.
